
Magic 8.3 revision 681 - Compiled on Tue Aug 25 11:50:23 AM CEST 2026.
Starting magic under Tcl interpreter
Using the terminal as the console.
WARNING: RLIMIT_NOFILE is above 1024 and Tcl_Version<9 this may cause runtime issues [rlim_cur=1048576]
Using NULL graphics device.
Processing system .magicrc file
Switching to WIRING tool.
Switching to NETLIST tool.
Switching to PICK tool.
Switching to BOX tool.
Sourcing design .magicrc for technology ihp-sg13cmos5l ...
2 Magic internal units = 1 Lambda
Input style sg13cmos5l(): scaleFactor=2, multiplier=2
The following types are not handled by extraction and will be treated as non-electrical types:
    pblock pbase sealcont difffill sealvia1 sealvia2 sealvia3 sealvia4 seal glass thruvia inductor 
Scaled tech values by 2 / 1 to match internal grid scaling
Loading ihp-sg13cmos5l Device Generator Menu ...
Loading "/foss/designs/heichip/isource_beta/netlist/pex/pex_isource_beta.tcl" from command line.
Warning: Calma reading is not undoable!  I hope that's OK.
Library written using GDS-II Release 6.0
Library name: LIB
Reading "$$$CONTEXT_INFO$$$".
Reading "via_stack$26".
Reading "via_stack$27".
Reading "via_stack$25".
Reading "via_stack$24".
Reading "via_stack$23".
Reading "via_stack$22".
Reading "via_stack$21".
Reading "via_stack$20".
Reading "via_stack$17".
Reading "via_stack$19".
Reading "via_stack$16".
Reading "via_stack$15".
Reading "via_stack$14".
Reading "via_stack$13".
Reading "nmosHV$4".
Reading "rppd".
Reading "via_stack$5".
Reading "via_stack$3".
Reading "via_stack$2".
Reading "via_stack$1".
Reading "via_stack".
Reading "nmosHV".
Reading "nmosHV$6".
Reading "via_stack$4".
Reading "nmosHV$7".
Reading "guard_ring".
Reading "via_stack$6".
Reading "pmosHV".
Reading "pmosHV$3".
Reading "pmosHV$2".
Reading "via_stack$7".
Reading "via_stack$8".
Reading "guard_ring$2".
Reading "guard_ring$3".
Reading "nmosHV$2".
Reading "via_stack$9".
Reading "via_stack$10".
Reading "via_stack$11".
Reading "via_stack$12".
Reading "isource_beta".
Error while reading cell "isource_beta" (byte position 235546): Warning: cell "via_stack$1" placed on top of itself.  Ignoring the extra one.
Error while reading cell "isource_beta" (byte position 235580): Warning: cell "via_stack" placed on top of itself.  Ignoring the extra one.
Error while reading cell "isource_beta" (byte position 236150): Warning: cell "via_stack" placed on top of itself.  Ignoring the extra one.
Error while reading cell "isource_beta" (byte position 237006): Warning: cell "via_stack" placed on top of itself.  Ignoring the extra one.
Error while reading cell "isource_beta" (byte position 237112): Warning: cell "via_stack$1" placed on top of itself.  Ignoring the extra one.
Error while reading cell "isource_beta" (byte position 237146): Warning: cell "via_stack" placed on top of itself.  Ignoring the extra one.
Error while reading cell "isource_beta" (byte position 237784): Warning: cell "nmosHV$7" placed on top of itself.  Ignoring the extra one.
Error while reading cell "isource_beta" (byte position 239514): Warning: cell "pmosHV" placed on top of itself.  Ignoring the extra one.
Error while reading cell "isource_beta" (byte position 239846): Warning: cell "pmosHV" placed on top of itself.  Ignoring the extra one.
Error while reading cell "isource_beta" (byte position 240214): Warning: cell "pmosHV" placed on top of itself.  Ignoring the extra one.
CIF file read warning: CIF style sg13cmos5l(): units rescaled by factor of 5 / 1
CIF file read warning: Input off lambda grid by 4/5; snapped to grid.
Extracting isource_beta_pex into /foss/designs/heichip/isource_beta/netlist/pex/isource_beta_pex.ext:
Processing isource_beta_pex
isource_beta_pex: 36 warnings
Processing cell isource_beta_pex for resistance extraction.
Extracting a_315_6917#
Extracting a_n122_54#
Extracting vss
Total Nets: 75
Nets extracted: 3 (0.040000)
Nets output: 1 (0.013333)
Total of 36 warnings.
exttospice finished.
